not
num 493
+
*
-
=
,
:
)
(
;
.
<>
>
num 315
id End
id of_file2
